---
apiVersion: infrastructure.cluster.x-k8s.io/v1alpha2
kind: AWSCluster
metadata:
  creationTimestamp: null
  name: my-cluster
  namespace: default
spec:
  networkSpec:
    vpc: {}
---
apiVersion: cluster.x-k8s.io/v1alpha2
kind: Cluster
metadata:
  creationTimestamp: null
  name: my-cluster
  namespace: default
spec:
  clusterNetwork:
    pods:
      cidrBlocks:
      - 192.168.0.0/16
    services:
      cidrBlocks: []
  infrastructureRef:
    apiVersion: infrastructure.cluster.x-k8s.io/v1alpha2
    kind: AWSCluster
    name: my-cluster
    namespace: default
---
apiVersion: infrastructure.cluster.x-k8s.io/v1alpha2
kind: AWSMachine
metadata:
  creationTimestamp: null
  name: controlplane-0
  namespace: default
spec:
  ami: {}
  iamInstanceProfile: ${DEFAULT_CONTROLPLANE-0_AWS_IAM_INSTANCE_PROFILE}
  instanceType: ${DEFAULT_CONTROLPLANE-0_AWS_EC2_INSTANCE_TYPE}
  sshKeyName: ${SSH_KEY_NAME}
---
apiVersion: cluster.x-k8s.io/v1alpha2
kind: Machine
metadata:
  creationTimestamp: null
  labels:
    cluster.x-k8s.io/cluster-name: my-cluster
    cluster.x-k8s.io/control-plane: "true"
  name: controlplane-0
  namespace: default
spec:
  bootstrap:
    configRef:
      apiVersion: bootstrap.cluster.x-k8s.io/v1alpha2
      kind: KubeadmConfig
      name: controlplane-0-config
      namespace: default
  infrastructureRef:
    apiVersion: infrastructure.cluster.x-k8s.io/v1alpha2
    kind: AWSMachine
    name: controlplane-0
    namespace: default
  metadata: {}
---
apiVersion: bootstrap.cluster.x-k8s.io/v1alpha2
kind: KubeadmConfig
metadata:
  creationTimestamp: null
  name: controlplane-0-config
  namespace: default
spec:
  clusterConfiguration:
    apiServer:
      extraArgs:
        cloud-provider: aws
    certificatesDir: ""
    controlPlaneEndpoint: ""
    controllerManager:
      extraArgs:
        cloud-provider: aws
    dns:
      type: ""
    etcd: {}
    imageRepository: ""
    kubernetesVersion: ""
    networking:
      dnsDomain: ""
      podSubnet: ""
      serviceSubnet: ""
    scheduler: {}
  initConfiguration:
    localAPIEndpoint:
      advertiseAddress: ""
      bindPort: 0
    nodeRegistration:
      kubeletExtraArgs:
        cloud-provider: aws
      name: '{{ ds.meta_data.hostname }}'
---
apiVersion: infrastructure.cluster.x-k8s.io/v1alpha2
kind: AWSMachine
metadata:
  creationTimestamp: null
  name: worker-0
  namespace: default
spec:
  ami: {}
  iamInstanceProfile: ${DEFAULT_WORKER-0_AWS_IAM_INSTANCE_PROFILE}
  instanceType: ${DEFAULT_WORKER-0_AWS_EC2_INSTANCE_TYPE}
  sshKeyName: ${SSH_KEY_NAME}
---
apiVersion: cluster.x-k8s.io/v1alpha2
kind: Machine
metadata:
  creationTimestamp: null
  labels:
    cluster.x-k8s.io/cluster-name: my-cluster
  name: worker-0
  namespace: default
spec:
  bootstrap:
    configRef:
      apiVersion: bootstrap.cluster.x-k8s.io/v1alpha2
      kind: KubeadmConfig
      name: worker-0-config
      namespace: default
  infrastructureRef:
    apiVersion: infrastructure.cluster.x-k8s.io/v1alpha2
    kind: AWSMachine
    name: worker-0
    namespace: default
  metadata: {}
---
apiVersion: bootstrap.cluster.x-k8s.io/v1alpha2
kind: KubeadmConfig
metadata:
  creationTimestamp: null
  name: worker-0-config
  namespace: default
spec:
  joinConfiguration:
    discovery: {}
    nodeRegistration:
      kubeletExtraArgs:
        cloud-provider: aws
      name: '{{ ds.meta_data.hostname }}'
