---
apiVersion: infrastructure.cluster.x-k8s.io/v1alpha2
kind: DockerCluster
metadata:
  creationTimestamp: null
  name: my-cluster
  namespace: default
spec: {}
---
apiVersion: cluster.x-k8s.io/v1alpha3
kind: Cluster
metadata:
  creationTimestamp: null
  name: my-cluster
  namespace: default
spec:
  clusterNetwork:
    pods:
      cidrBlocks:
      - 192.168.0.0/16
    services:
      cidrBlocks: []
  infrastructureRef:
    apiVersion: infrastructure.cluster.x-k8s.io/v1alpha2
    kind: DockerCluster
    name: my-cluster
    namespace: default
---
apiVersion: infrastructure.cluster.x-k8s.io/v1alpha2
kind: DockerMachine
metadata:
  creationTimestamp: null
  name: controlplane-0
  namespace: default
spec: {}
---
apiVersion: cluster.x-k8s.io/v1alpha3
kind: Machine
metadata:
  creationTimestamp: null
  labels:
    cluster.x-k8s.io/cluster-name: my-cluster
    cluster.x-k8s.io/control-plane: "true"
  name: controlplane-0
  namespace: default
spec:
  bootstrap:
    configRef:
      apiVersion: bootstrap.cluster.x-k8s.io/v1alpha2
      kind: KubeadmConfig
      name: controlplane-0-config
      namespace: default
  clusterName: my-cluster
  infrastructureRef:
    apiVersion: infrastructure.cluster.x-k8s.io/v1alpha2
    kind: DockerMachine
    name: controlplane-0
    namespace: default
  version: v1.15.3
---
apiVersion: bootstrap.cluster.x-k8s.io/v1alpha2
kind: KubeadmConfig
metadata:
  creationTimestamp: null
  name: controlplane-0-config
  namespace: default
spec:
  clusterConfiguration:
    apiServer: {}
    certificatesDir: ""
    controlPlaneEndpoint: ""
    controllerManager: {}
    dns:
      type: ""
    etcd: {}
    imageRepository: ""
    kubernetesVersion: ""
    networking:
      dnsDomain: ""
      podSubnet: ""
      serviceSubnet: ""
    scheduler: {}
  initConfiguration:
    localAPIEndpoint:
      advertiseAddress: ""
      bindPort: 0
    nodeRegistration: {}
---
apiVersion: infrastructure.cluster.x-k8s.io/v1alpha2
kind: DockerMachineTemplate
metadata:
  creationTimestamp: null
  name: worker-md
  namespace: default
spec:
  template:
    spec: {}

---
apiVersion: bootstrap.cluster.x-k8s.io/v1alpha2
kind: KubeadmConfigTemplate
metadata:
  creationTimestamp: null
  name: worker-md
  namespace: default
spec:
  template:
    spec:
      joinConfiguration:
        discovery: {}
        nodeRegistration: {}

---
apiVersion: cluster.x-k8s.io/v1alpha3
kind: MachineDeployment
metadata:
  creationTimestamp: null
  labels:
    cluster.x-k8s.io/cluster-name: my-cluster
  name: worker-md
  namespace: default
spec:
  clusterName: my-cluster
  replicas: 1
  selector:
    matchLabels:
      cluster.x-k8s.io/cluster-name: my-cluster
  template:
    metadata:
      labels:
        cluster.x-k8s.io/cluster-name: my-cluster
    spec:
      bootstrap:
        configRef:
          apiVersion: bootstrap.cluster.x-k8s.io/v1alpha2
          kind: KubeadmConfigTemplate
          name: worker-md
          namespace: default
      clusterName: my-cluster
      infrastructureRef:
        apiVersion: infrastructure.cluster.x-k8s.io/v1alpha2
        kind: DockerMachineTemplate
        name: worker-md
        namespace: default
      version: v1.15.3
