---
apiVersion: infrastructure.cluster.x-k8s.io/v1alpha2
kind: AWSCluster
metadata:
  creationTimestamp: null
  name: my-cluster
  namespace: default
spec:
  networkSpec:
    vpc: {}
status:
  bastion:
    id: ""
  network:
    apiServerElb:
      attributes: {}
  ready: false
---
apiVersion: cluster.x-k8s.io/v1alpha2
kind: Cluster
metadata:
  creationTimestamp: null
  name: my-cluster
  namespace: default
spec:
  infrastructureRef:
    apiVersion: infrastructure.cluster.x-k8s.io/v1alpha2
    kind: AWSCluster
    name: my-cluster
    namespace: default
status:
  infrastructureReady: false
---
apiVersion: infrastructure.cluster.x-k8s.io/v1alpha2
kind: AWSMachine
metadata:
  creationTimestamp: null
  name: controlplane-0
  namespace: default
spec:
  ami: {}
status:
  ready: false
---
apiVersion: cluster.x-k8s.io/v1alpha2
kind: Machine
metadata:
  creationTimestamp: null
  labels:
    cluster.x-k8s.io/cluster-name: my-cluster
    cluster.x-k8s.io/control-plane: "true"
  name: controlplane-0
  namespace: default
spec:
  bootstrap:
    configRef:
      apiVersion: bootstrap.cluster.x-k8s.io/v1alpha2
      kind: KubeadmConfig
      name: controlplane-0-config
      namespace: default
  infrastructureRef:
    apiVersion: infrastructure.cluster.x-k8s.io/v1alpha2
    kind: AWSMachine
    name: controlplane-0
    namespace: default
  metadata: {}
status:
  bootstrapReady: false
  infrastructureReady: false
---
apiVersion: bootstrap.cluster.x-k8s.io/v1alpha2
kind: KubeadmConfig
metadata:
  creationTimestamp: null
  name: controlplane-0-config
  namespace: default
spec:
  clusterConfiguration:
    apiServer: {}
    certificatesDir: ""
    controlPlaneEndpoint: ""
    controllerManager: {}
    dns:
      type: ""
    etcd: {}
    imageRepository: ""
    kubernetesVersion: ""
    networking:
      dnsDomain: ""
      podSubnet: ""
      serviceSubnet: ""
    scheduler: {}
  initConfiguration:
    localAPIEndpoint:
      advertiseAddress: ""
      bindPort: 0
    nodeRegistration: {}
status: {}
---
apiVersion: infrastructure.cluster.x-k8s.io/v1alpha2
kind: AWSMachine
metadata:
  creationTimestamp: null
  name: worker-0
  namespace: default
spec:
  ami: {}
status:
  ready: false
---
apiVersion: cluster.x-k8s.io/v1alpha2
kind: Machine
metadata:
  creationTimestamp: null
  labels:
    cluster.x-k8s.io/cluster-name: my-cluster
  name: worker-0
  namespace: default
spec:
  bootstrap:
    configRef:
      apiVersion: bootstrap.cluster.x-k8s.io/v1alpha2
      kind: KubeadmConfig
      name: worker-0-config
      namespace: default
  infrastructureRef:
    apiVersion: infrastructure.cluster.x-k8s.io/v1alpha2
    kind: AWSMachine
    name: worker-0
    namespace: default
  metadata: {}
status:
  bootstrapReady: false
  infrastructureReady: false
---
apiVersion: bootstrap.cluster.x-k8s.io/v1alpha2
kind: KubeadmConfig
metadata:
  creationTimestamp: null
  name: worker-0-config
  namespace: default
spec:
  joinConfiguration:
    discovery: {}
    nodeRegistration: {}
status: {}
